{"form_response":{"recat":{"decision":{"category":"B"},"securityBack":{},"securityInput":{"securityInputNeeded":"Yes","securityInputNeededText":"text from recat"},"nextReviewDate":{"date":"2/8/2019"},"riskAssessment":{"lowerCategory":"lower text","otherRelevant":"Yes","higherCategory":"higher text","otherRelevantText":"rel info"},"prisonerBackground":{"offenceDetails":"offence details text"},"higherSecurityReview":{"steps":"steps text","transfer":"Yes","behaviour":"higher security text","conditions":"security conditions","transferText":"manage text"}},"security":{"review":{"securityReview":"security review text"}},"supervisor":{"review":{"proposedCategory":"B","otherInformationText":"other rel info","supervisorCategoryAppropriate":"Yes"}},"openConditionsRequested":false},"status":"APPROVED","referred_date":"2019-11-25T11:24:12.768","risk_profile":{"history":{},"offences":[],"socProfile":{},"escapeProfile":{"nomsId":"G4143VX","riskType":"ESCAPE","provisionalCategorisation":"C"},"violenceProfile":{"nomsId":"G4143VX","riskType":"VIOLENCE","numberOfAssaults":0,"notifySafetyCustodyLead":false,"numberOfSeriousAssaults":0,"provisionalCategorisation":"C","veryHighRiskViolentOffender":false},"extremismProfile":{}},"prison_id":"NMI","offender_no":"G8105VR","start_date":"2019-11-25T11:24:12.768","security_reviewed_date":"2019-11-25T11:24:12.768","approval_date":"2019-06-25","cat_type":"INITIAL","assessment_date":"2019-07-16","review_reason":"DUE","due_by_date":"2017-04-01","cancelled_date":"2019-11-25T11:24:12.768"}