[{"category":"U","supervisorCategory":"U","offender_no":"G0089UO","prison_id":"LPI","created_date":"2020-05-18T12:58:42.435Z","approved_date":"2020-05-18T00:00Z","assessment_committee":"OCA","assessment_comment":"Testing the creation of an unsentenced","next_review_date":"2020-11-18","placement_prison_id":"ASI","approved_committee":"OCA","approved_placement_prison_id":"ASI","approved_placement_comment":"approved placement comment","approved_comment":"approval comment","sequence":"5"}]