[{"offender_no":"G7919UD","next_review_date":"2021-12-12","reason":"testing","change_date":"2021-09-22T09:25:44.395Z"}]