{"offender_no":"G8105VR","violence":{"nomsId":"G2194GK","numberOfAssaults":0,"numberOfSeriousAssaults":0,"numberOfNonSeriousAssaults":0,"provisionalCategorisation":"C","shouldNotifySafetyCustodyLead":"No","isVeryHighRiskViolentOffender":"No"},"dateAndTimeRiskInformationLastUpdated":"2021-09-22T10:25:44.395Z"}