[{"old_profile":{"soc":{},"escape":{"nomsId":"G0048VL","provisionalCategorisation":"C"},"violence":{"nomsId":"G0048VL","numberOfAssaults":0,"numberOfSeriousAssaults":0,"provisionalCategorisation":"C","shouldNotifySafetyCustodyLead":"No","isVeryHighRiskViolentOffender":"No"},"extremism":{}},"new_profile":{"soc":{},"escape":{"nomsId":"G0048VL","provisionalCategorisation":"C"},"violence":{"nomsId":"G0048VL","numberOfAssaults":1,"numberOfSeriousAssaults":0,"provisionalCategorisation":"C","shouldNotifySafetyCustodyLead":"No","isVeryHighRiskViolentOffender":"No"},"extremism":{}},"offender_no":"G0048VL","prison_id":"1000","raised_date":"2019-09-18T09:45:34.166Z","riskChangeStatus":"New risk change alert"}]