[{"offender_no":"G2550VO","prisonId":"LPI","raised_date":"2019-09-19T12:33:21.123Z","processed_date":"2019-09-19T12:36:46.335Z","status":"Referred"}]