{"id":"1598","form_response":{"history":{"catAType":null,"finalCat":null,"catAEndYear":null,"releaseYear":null,"catAStartYear":null},"ratings":{"escapeRating":{"escapeCatB":"No","escapeCatBText":"","escapeOtherEvidence":"No","escapeOtherEvidenceText":""},"securityBack":{"catB":"No"},"violenceRating":{"seriousThreat":"No","seriousThreatText":"","highRiskOfViolence":"No","highRiskOfViolenceText":""},"extremismRating":{"previousTerrorismOffences":"No","previousTerrorismOffencesText":""},"offendingHistory":{"furtherCharges":"No","furtherChargesText":"","previousConvictions":"No","offendingHistoryCatB":"","previousConvictionsText":""}},"security":{"review":{"securityReview":"Security information held on this prisoner, which c"}},"socProfile":{"riskType":"SOC","transferToSecurity":true,"provisionalCategorisation":"C"},"supervisor":{"review":{"proposedCategory":"C","supervisorCategoryAppropriate":"Yes","supervisorOverriddenCategoryText":""}},"categoriser":{"review":{},"provisionalCategory":{"suggestedCategory":"C","overriddenCategory":"","categoryAppropriate":"Yes","otherInformationText":"","overriddenCategoryText":""}},"escapeProfile":{"riskType":"ESCAPE","activeEscapeList":false,"activeEscapeRisk":false,"escapeListAlerts":[],"escapeRiskAlerts":[],"provisionalCategorisation":"C"},"violenceProfile":{"riskType":"VIOLENCE","displayAssaults":false,"numberOfAssaults":0,"notifySafetyCustodyLead":false,"numberOfSeriousAssaults":0,"provisionalCategorisation":"C","veryHighRiskViolentOffender":false},"extremismProfile":{"riskType":"EXTREMISM","notifyRegionalCTLead":true,"increasedRiskOfExtremism":false,"provisionalCategorisation":"C"}},"booking_id":"771697","status":"APPROVED","referred_date":"2023-03-21 15:08:50.982 +0000","sequence_no":"1","risk_profile":{"history":{},"offences":[],"socProfile":{},"lifeProfile":{"life":true,"riskType":"LIFE","provisionalCategorisation":"B"},"escapeProfile":{"riskType":"ESCAPE","provisionalCategorisation":"C"},"violenceProfile":{"riskType":"VIOLENCE","displayAssaults":false,"numberOfAssaults":0,"notifySafetyCustodyLead":false,"numberOfSeriousAssaults":0,"numberOfNonSeriousAssaults":0,"provisionalCategorisation":"C","veryHighRiskViolentOffender":false},"extremismProfile":{}},"prison_id":"WMI","start_date":"2023-03-21 15:09:00.266 +0000","security_reviewed_date":"2023-03-21 15:09:00.266 +0000","approval_date":"2023-03-21","cat_type":"INITIAL","nomis_sequence_no":"1900-01-19","assessment_date":"2023-03-21","review_reason":"MANUAL","due_by_date":"1977-12-16","cancelled_date":"1977-12-17"}