{"id":"1","old_profile":{"soc":{},"escape":{"nomsId":"G0048VL","riskType":"ESCAPE","provisionalCategorisation":"C"},"violence":{"nomsId":"G0048VL","riskType":"VIOLENCE","displayAssaults":true,"numberOfAssaults":0,"notifySafetyCustodyLead":false,"numberOfSeriousAssaults":0,"provisionalCategorisation":"C","veryHighRiskViolentOffender":false},"extremism":{}},"new_profile":{"soc":{},"escape":{"nomsId":"G0048VL","riskType":"ESCAPE","provisionalCategorisation":"C"},"violence":{"nomsId":"G0048VL","riskType":"VIOLENCE","displayAssaults":true,"numberOfAssaults":0,"notifySafetyCustodyLead":false,"numberOfSeriousAssaults":0,"provisionalCategorisation":"C","veryHighRiskViolentOffender":false},"extremism":{}},"offender_no":"G0048VL","prison_id":"BAI","status":"REVIEWED_FIRST","raised_date":"2019-09-18 10:45:34.166 +0100"}