{"history":{},"socProfile":{},"escapeProfile":{"nomsId":"G4143VX","riskType":"ESCAPE","provisionalCategorisation":"C"},"violenceProfile":{"nomsId":"G4143VX","riskType":"VIOLENCE","displayAssaults":false,"numberOfAssaults":0,"notifySafetyCustodyLead":false,"numberOfSeriousAssaults":0,"provisionalCategorisation":"C","veryHighRiskViolentOffender":false},"extremismProfile":{}}