{\\n    \\\"categorisationTool\\\": {\\n    \\\"catForm\\\": {\\n        \\\"id\\\": \\\"1598\\\",\\n        \\\"form_response\\\": {\\n            \\\"ratings\\\": {\\n                \\\"escapeRating\\\": {\\n                    \\\"escapeCatB\\\": \\\"No\\\",\\n                    \\\"escapeCatBText\\\": \\\"dets \\\",\\n                    \\\"escapeOtherEvidence\\\": \\\"Yes\\\",\\n                    \\\"escapeOtherEvidenceText\\\": \\\"escape risk\\\"\\n                },\\n                \\\"securityBack\\\": {\\n                    \\\"catB\\\": \\\"No\\\"\\n                },\\n                \\\"securityInput\\\": {\\n                    \\\"securityInputNeeded\\\": \\\"Yes\\\",\\n                    \\\"securityInputNeededText\\\": \\\"security info\\\"\\n                },\\n                \\\"furtherCharges\\\": {\\n                    \\\"furtherCharges\\\": \\\"Yes\\\",\\n                    \\\"furtherChargesCatB\\\": \\\"No\\\",\\n                    \\\"furtherChargesText\\\": \\\"some minor offences\\\"\\n                },\\n                \\\"nextReviewDate\\\": {\\n                    \\\"date\\\": \\\"19/06/2023\\\",\\n                    \\\"indeterminate\\\": \\\"false\\\"\\n                },\\n                \\\"violenceRating\\\": {\\n                    \\\"seriousThreat\\\": \\\"No\\\",\\n                    \\\"seriousThreatText\\\" : \\\"details\\\",\\n                    \\\"highRiskOfViolence\\\": \\\"No\\\",\\n                    \\\"highRiskOfViolenceText\\\": \\\"details\\\"\\n                },\\n                \\\"extremismRating\\\": {\\n                    \\\"previousTerrorismOffences\\\": \\\"Yes\\\",\\n                    \\\"previousTerrorismOffencesText\\\": \\\"terror info\\\"\\n                },\\n                \\\"offendingHistory\\\": {\\n                    \\\"previousConvictions\\\": \\\"No\\\",\\n                    \\\"previousConvictionsText\\\": \\\"details\\\"\\n                }\\n            },\\n            \\\"security\\\": {\\n                \\\"review\\\": {\\n                    \\\"securityReview\\\": \\\"nothing to report\\\"\\n                }\\n            },\\n            \\\"supervisor\\\": {\\n                \\\"review\\\": {\\n                    \\\"proposedCategory\\\": \\\"C\\\",\\n                    \\\"otherInformationText\\\": \\\"DGDG\\\",\\n                    \\\"supervisorOverriddenCategory\\\": \\\"B\\\",\\n                    \\\"supervisorCategoryAppropriate\\\": \\\"No\\\",\\n                    \\\"supervisorOverriddenCategoryText\\\": \\\"DFFG\\\",\\n                    \\\"previousOverrideCategoryText\\\": \\\"hjkh\\\"\\n                },\\n                \\\"confirmBack\\\": {\\n                    \\\"isRead\\\": true,\\n                    \\\"messageText\\\": \\\"placeholder\\\",\\n                    \\\"confirmation\\\": \\\"Yes\\\",\\n                    \\\"supervisorName\\\": \\\"Simon Williams\\\"\\n                }\\n            },\\n            \\\"categoriser\\\": {\\n                \\\"review\\\": {},\\n                \\\"provisionalCategory\\\": {\\n                    \\\"suggestedCategory\\\": \\\"B\\\",\\n                    \\\"overriddenCategory\\\": \\\"D\\\",\\n                    \\\"categoryAppropriate\\\": \\\"No\\\",\\n                    \\\"otherInformationText\\\": \\\"\\\",\\n                    \\\"overriddenCategoryText\\\": \\\"some stuff\\\"\\n                }\\n            },\\n            \\\"openConditions\\\": {\\n                \\\"tprs\\\": {\\n                    \\\"tprsSelected\\\": \\\"Yes\\\"\\n                },\\n                \\\"riskLevels\\\": {\\n                    \\\"likelyToAbscond\\\": \\\"Yes\\\",\\n                    \\\"likelyToAbscondText\\\":\\\"Details\\\"\\n                },\\n                \\\"riskOfHarm\\\": {\\n                    \\\"seriousHarm\\\": \\\"Yes\\\",\\n                    \\\"harmManaged\\\":\\\"Yes\\\",\\n                    \\\"harmManagedText\\\":\\\"Details\\\"\\n                },\\n                \\\"furtherCharges\\\": {\\n                    \\\"furtherCharges\\\": \\\"Yes\\\",\\n                    \\\"furtherChargesText\\\":\\\"Details\\\",\\n                    \\\"increasedRisk\\\":\\\"Yes\\\"\\n                },\\n                \\\"sexualOffences\\\": {\\n                    \\\"haveTheyBeenEverConvicted\\\": \\\"Yes\\\",\\n                    \\\"canTheRiskBeManaged\\\": \\\"Yes\\\",\\n                    \\\"howTheRiskCanBeManaged\\\": \\\"details\\\"\\n                },\\n                \\\"foreignNational\\\": {\\n                    \\\"isForeignNational\\\": \\\"Yes\\\",\\n                    \\\"formCompleted\\\":\\\"Yes\\\",\\n                    \\\"dueDeported\\\" : \\\"Yes\\\",\\n                    \\\"exhaustedAppeal\\\" : \\\"Yes\\\"\\n\\n                },\\n                \\\"previousSentences\\\": {\\n                    \\\"releasedLastFiveYears\\\": \\\"No\\\",\\n                    \\\"sevenOrMoreYears\\\" : \\\"Yes\\\"\\n                },\\n                \\\"earliestReleaseDate\\\": {\\n                    \\\"threeOrMoreYears\\\": \\\"No\\\",\\n                    \\\"justify\\\": \\\"Yes\\\",\\n                    \\\"justifyText\\\" : \\\"details\\\"\\n                },\\n                \\\"victimContactScheme\\\": {\\n                    \\\"vcsOptedFor\\\": \\\"No\\\",\\n                    \\\"contactedVLO\\\": \\\"Yes\\\",\\n                    \\\"vloResponseText\\\": \\\"details\\\"\\n                },\\n                \\\"notRecommended\\\": {\\n                    \\\"stillRefer\\\": \\\"No\\\"\\n                },\\n                \\\"provisionalCategory\\\": {\\n                    \\\"suggestedCategory\\\": \\\"C\\\",\\n                    \\\"overriddenCategory\\\": \\\"D\\\",\\n                    \\\"openConditionsCategoryAppropriate\\\": \\\"No\\\",\\n                    \\\"otherInformationText\\\": \\\"\\\",\\n                    \\\"overriddenCategoryText\\\": \\\"some stuff\\\"\\n                },\\n                \\\"openConditionsNotSuitable\\\": {}\\n            },\\n            \\\"recat\\\": {\\n                \\\"riskAssessment\\\" : {\\n                    \\\"lowerCategory\\\":\\\"Details\\\",\\n                    \\\"higherCategory\\\":\\\"Details\\\",\\n                    \\\"otherRelevant\\\":\\\"Yes\\\",\\n                    \\\"otherRelevantText\\\":\\\"details\\\"\\n\\n                },\\n                \\\"higherSecurityReview\\\" : {\\n                    \\\"behaviour\\\":\\\"details\\\",\\n                    \\\"steps\\\":\\\"details\\\",\\n                    \\\"transfer\\\":\\\"Yes\\\",\\n                    \\\"transferText\\\":\\\"Details\\\",\\n                    \\\"conditions\\\":\\\"Details\\\"\\n                },\\n                \\\"miniHigherSecurityReview\\\":{\\n                  \\\"conditions\\\":\\\"details\\\"\\n                },\\n                \\\"decision\\\": {\\n                    \\\"category\\\": \\\"C\\\"\\n                },\\n                \\\"oasysInput\\\": {\\n                    \\\"date\\\": \\\"27/04/2022\\\",\\n                    \\\"oasysRelevantInfo\\\": \\\"Yes\\\",\\n                    \\\"oasysInputText\\\":\\\"Details\\\"\\n                },\\n                \\\"securityInput\\\": {\\n                    \\\"securityNoteNeeded\\\": \\\"No\\\",\\n                    \\\"securityInputNeeded\\\": \\\"Yes\\\",\\n                    \\\"securityInputNeededText\\\":\\\"details\\\"\\n                },\\n                \\\"securityBack\\\": {},\\n                \\\"review\\\": {},\\n                \\\"nextReviewDate\\\": {\\n                    \\\"date\\\": \\\"20/04/2024\\\",\\n                    \\\"indeterminate\\\": \\\"true\\\"\\n                },\\n                \\\"riskProfileChangeDetail\\\":{\\n                    \\\"confirmation\\\":\\\"Yes\\\"\\n                },\\n                \\\"fasttrackEligibility\\\": {\\n                    \\\"earlyCatD\\\":\\\"Yes\\\",\\n                    \\\"increaseCategory\\\":\\\"Yes\\\"\\n                },\\n                \\\"fasttrackRemain\\\": {\\n                    \\\"remainCatC\\\":\\\"Yes\\\"\\n                },\\n                \\\"fasttrackProgress\\\" : {\\n                    \\\"progressText\\\":\\\"details\\\"\\n                },\\n                \\\"prisonerBackground\\\": {\\n                    \\\"offenceDetails\\\": \\\"fgh\\\"\\n                }\\n            },\\n            \\\"openConditionsRequested\\\": true\\n        },\\n        \\\"booking_id\\\": \\\"771697\\\",\\n        \\\"user_id\\\": \\\"OFADERO_GEN\\\",\\n        \\\"status\\\": \\\"APPROVED\\\",\\n        \\\"assigned_user_id\\\": \\\"OFADERO_GEN\\\",\\n        \\\"referred_date\\\": \\\"2023-03-21 15:08:50.982 +0000\\\",\\n        \\\"referred_by\\\": \\\"OFADERO_GEN\\\",\\n        \\\"sequence_no\\\": \\\"1\\\",\\n        \\\"risk_profile\\\": {\\n            \\\"history\\\": {\\n                \\\"catAType\\\": null,\\n                \\\"finalCat\\\": null,\\n                \\\"catAEndYear\\\": null,\\n                \\\"releaseYear\\\": null,\\n                \\\"catAStartYear\\\": null\\n            },\\n            \\\"offences\\\": [\\n                {\\n                    \\\"caseId\\\": 953207,\\n                    \\\"bookingId\\\": 771697,\\n                    \\\"courtDate\\\": \\\"1977-10-21\\\",\\n                    \\\"mostSerious\\\": true,\\n                    \\\"offenceCode\\\": \\\"COML025\\\",\\n                    \\\"statuteCode\\\": \\\"COML\\\",\\n                    \\\"primaryResultCode\\\": \\\"1002\\\",\\n                    \\\"offenceDescription\\\": \\\"Murder - victim one year of age or older\\\",\\n                    \\\"primaryResultConviction\\\": true,\\n                    \\\"primaryResultDescription\\\": \\\"Imprisonment\\\",\\n                    \\\"secondaryResultConviction\\\": false\\n                },\\n                {\\n                    \\\"caseId\\\": 953207,\\n                    \\\"bookingId\\\": 771697,\\n                    \\\"courtDate\\\": \\\"1977-10-21\\\",\\n                    \\\"mostSerious\\\": false,\\n                    \\\"offenceCode\\\": \\\"SX03017\\\",\\n                    \\\"statuteCode\\\": \\\"SX03\\\",\\n                    \\\"primaryResultCode\\\": \\\"1002\\\",\\n                    \\\"offenceDescription\\\": \\\"Assault a girl under 13 by touching - SOA 2003\\\",\\n                    \\\"primaryResultConviction\\\": true,\\n                    \\\"primaryResultDescription\\\": \\\"Imprisonment\\\",\\n                    \\\"secondaryResultConviction\\\": false\\n                }\\n            ],\\n            \\\"socProfile\\\": {\\n                \\\"nomsId\\\": \\\"G8105VR\\\",\\n                \\\"riskType\\\": \\\"SOC\\\",\\n                \\\"transferToSecurity\\\": false,\\n                \\\"provisionalCategorisation\\\": \\\"C\\\"\\n            },\\n            \\\"lifeProfile\\\": {\\n                \\\"life\\\": true,\\n                \\\"nomsId\\\": \\\"G8105VR\\\",\\n                \\\"riskType\\\": \\\"LIFE\\\",\\n                \\\"provisionalCategorisation\\\": \\\"B\\\"\\n            },\\n            \\\"escapeProfile\\\": {\\n                \\\"nomsId\\\": \\\"G8105VR\\\",\\n                \\\"riskType\\\": \\\"ESCAPE\\\",\\n                \\\"activeEscapeList\\\": false,\\n                \\\"activeEscapeRisk\\\": false,\\n                \\\"escapeListAlerts\\\": [],\\n                \\\"escapeRiskAlerts\\\": [],\\n                \\\"provisionalCategorisation\\\": \\\"C\\\"\\n            },\\n            \\\"violenceProfile\\\": {\\n                \\\"nomsId\\\": \\\"G8105VR\\\",\\n                \\\"riskType\\\": \\\"VIOLENCE\\\",\\n                \\\"displayAssaults\\\": false,\\n                \\\"numberOfAssaults\\\": 0,\\n                \\\"notifySafetyCustodyLead\\\": false,\\n                \\\"numberOfSeriousAssaults\\\": 0,\\n                \\\"provisionalCategorisation\\\": \\\"C\\\",\\n                \\\"numberOfNonSeriousAssaults\\\": 0,\\n                \\\"veryHighRiskViolentOffender\\\": false\\n            },\\n            \\\"extremismProfile\\\": {\\n                \\\"nomsId\\\": \\\"G8105VR\\\",\\n                \\\"riskType\\\": \\\"EXTREMISM\\\",\\n                \\\"notifyRegionalCTLead\\\": false,\\n                \\\"increasedRiskOfExtremism\\\": false,\\n                \\\"provisionalCategorisation\\\": \\\"C\\\"\\n            }\\n        },\\n        \\\"prison_id\\\": \\\"WMI\\\",\\n        \\\"offender_no\\\": \\\"G8105VR\\\",\\n        \\\"start_date\\\": \\\"2023-03-21 15:08:03.399 +0000\\\",\\n        \\\"security_reviewed_by\\\": \\\"OFADERO_GEN\\\",\\n        \\\"security_reviewed_date\\\": \\\"2023-03-21 15:09:00.266 +0000\\\",\\n        \\\"approval_date\\\": \\\"2023-03-21\\\",\\n        \\\"cat_type\\\": \\\"INITIAL\\\",\\n        \\\"nomis_sequence_no\\\": \\\"1900-01-19\\\",\\n        \\\"assessment_date\\\": \\\"2023-03-21\\\",\\n        \\\"approved_by\\\": \\\"OFADERO_GEN\\\",\\n        \\\"assessed_by\\\": \\\"OFADERO_GEN\\\",\\n        \\\"review_reason\\\": \\\"MANUAL\\\",\\n        \\\"due_by_date\\\": \\\"1977-12-16\\\",\\n        \\\"cancelled_date\\\": \\\"1977-12-17\\\",\\n        \\\"cancelled_by\\\": \\\"OFADERO_GEN\\\"\\n    },\\n    \\\"riskChange\\\": {\\n        \\\"id\\\": \\\"1\\\",\\n        \\\"old_profile\\\": {\\n            \\\"soc\\\": {\\n                \\\"nomsId\\\": \\\"G0048VL\\\",\\n                \\\"riskType\\\": \\\"SOC\\\",\\n                \\\"transferToSecurity\\\": false,\\n                \\\"provisionalCategorisation\\\": \\\"C\\\"\\n            },\\n            \\\"escape\\\": {\\n                \\\"nomsId\\\": \\\"G0048VL\\\",\\n                \\\"riskType\\\": \\\"ESCAPE\\\",\\n                \\\"activeEscapeList\\\": false,\\n                \\\"activeEscapeRisk\\\": false,\\n                \\\"escapeListAlerts\\\": [],\\n                \\\"escapeRiskAlerts\\\": [],\\n                \\\"provisionalCategorisation\\\": \\\"C\\\"\\n            },\\n            \\\"violence\\\": {\\n                \\\"nomsId\\\": \\\"G0048VL\\\",\\n                \\\"riskType\\\": \\\"VIOLENCE\\\",\\n                \\\"displayAssaults\\\": true,\\n                \\\"numberOfAssaults\\\": 0,\\n                \\\"notifySafetyCustodyLead\\\": false,\\n                \\\"numberOfSeriousAssaults\\\": 0,\\n                \\\"provisionalCategorisation\\\": \\\"C\\\",\\n                \\\"veryHighRiskViolentOffender\\\": false\\n            },\\n            \\\"extremism\\\": {\\n                \\\"nomsId\\\": \\\"G0048VL\\\",\\n                \\\"riskType\\\": \\\"EXTREMISM\\\",\\n                \\\"notifyRegionalCTLead\\\": false,\\n                \\\"increasedRiskOfExtremism\\\": false,\\n                \\\"provisionalCategorisation\\\": \\\"C\\\"\\n            }\\n        },\\n        \\\"new_profile\\\": {\\n            \\\"soc\\\": {\\n                \\\"nomsId\\\": \\\"G0048VL\\\",\\n                \\\"riskType\\\": \\\"SOC\\\",\\n                \\\"transferToSecurity\\\": false,\\n                \\\"provisionalCategorisation\\\": \\\"C\\\"\\n            },\\n            \\\"escape\\\": {\\n            \\\"nomsId\\\": \\\"G0048VL\\\",\\n            \\\"riskType\\\": \\\"ESCAPE\\\",\\n            \\\"activeEscapeList\\\": false,\\n            \\\"activeEscapeRisk\\\": false,\\n            \\\"escapeListAlerts\\\": [],\\n            \\\"escapeRiskAlerts\\\": [],\\n            \\\"provisionalCategorisation\\\": \\\"C\\\"\\n            },\\n            \\\"violence\\\": {\\n                \\\"nomsId\\\": \\\"G0048VL\\\",\\n                \\\"riskType\\\": \\\"VIOLENCE\\\",\\n                \\\"displayAssaults\\\": true,\\n                \\\"numberOfAssaults\\\": 0,\\n                \\\"notifySafetyCustodyLead\\\": false,\\n                \\\"numberOfSeriousAssaults\\\": 0,\\n                \\\"provisionalCategorisation\\\": \\\"C\\\",\\n                \\\"veryHighRiskViolentOffender\\\": false\\n            },\\n            \\\"extremism\\\": {\\n                \\\"nomsId\\\": \\\"G0048VL\\\",\\n                \\\"riskType\\\": \\\"EXTREMISM\\\",\\n                \\\"notifyRegionalCTLead\\\": false,\\n                \\\"increasedRiskOfExtremism\\\": false,\\n                \\\"provisionalCategorisation\\\": \\\"C\\\"\\n            }\\n        },\\n        \\\"offender_no\\\": \\\"G0048VL\\\",\\n        \\\"user_id\\\": \\\"LBENNETT_GEN\\\",\\n        \\\"prison_id\\\": \\\"BAI\\\",\\n        \\\"status\\\": \\\"REVIEWED_FIRST\\\",\\n        \\\"raised_date\\\": \\\"2019-09-18 10:45:34.166 +0100\\\"\\n    },\\n    \\\"security\\\": {\\n        \\\"id\\\": \\\"2\\\",\\n        \\\"offender_no\\\": \\\"G2550VO\\\",\\n        \\\"user_id\\\": \\\"SRENDELL_GEN\\\",\\n        \\\"prison_id\\\": \\\"LPI\\\",\\n        \\\"status\\\": \\\"REFERRED\\\",\\n        \\\"raised_date\\\": \\\"2019-09-19 13:33:21.123 +0100\\\",\\n        \\\"processed_date\\\": \\\"2019-09-19 13:36:46.335 +0100\\\"\\n    },\\n    \\\"nextReviewChangeHistory\\\": {\\n        \\\"id\\\": \\\"1\\\",\\n        \\\"booking_id\\\": \\\"1146373\\\",\\n        \\\"offender_no\\\": \\\"G7919UD\\\",\\n        \\\"next_review_date\\\": \\\"2021-12-12\\\",\\n        \\\"reason\\\": \\\"testing\\\",\\n        \\\"change_date\\\": \\\"2021-09-22 10:25:44.395 +0100\\\",\\n        \\\"changed_by\\\": \\\"CGLYNN_ADM\\\"\\n    },\\n    \\\"liteCategory\\\": {\\n        \\\"sequence\\\": \\\"5\\\",\\n        \\\"category\\\": \\\"U\\\",\\n        \\\"supervisor_category\\\": \\\"U\\\",\\n        \\\"offender_no\\\": \\\"G0089UO\\\",\\n        \\\"prison_id\\\": \\\"LPI\\\",\\n        \\\"created_date\\\": \\\"2020-05-18 13:58:42.435 +0100\\\",\\n        \\\"approved_date\\\": \\\"2020-05-18 01:00:00.000 +0100\\\",\\n        \\\"assessed_by\\\": \\\"LBENNETT_GEN\\\",\\n        \\\"approved_by\\\": \\\"CT_SUP\\\",\\n        \\\"assessment_committee\\\": \\\"OCA\\\",\\n        \\\"assessment_comment\\\": \\\"Testing the creation of an unsentenced\\\",\\n        \\\"next_review_date\\\": \\\"2020-11-18\\\",\\n        \\\"placement_prison_id\\\": \\\"ASI\\\",\\n        \\\"approved_committee\\\": \\\"OCA\\\",\\n        \\\"approved_placement_prison_id\\\": \\\"ASI\\\",\\n        \\\"approved_placement_comment\\\": \\\"approved placement comment\\\",\\n        \\\"approved_comment\\\": \\\"approval comment\\\"\\n    }\\n},\\n\\n\\\"riskProfiler\\\": {\\n    \\\"offender_no\\\":\\\"G2194GK\\\",\\n\\\"escape\\\":\\n{\\n    \\\"nomsId\\\":\\\"G2194GK\\\",\\n    \\\"provisionalCategorisation\\\":\\\"C\\\",\\n    \\\"activeEscapeList\\\":false,\\n    \\\"activeEscapeRisk\\\":false,\\n    \\\"escapeRiskAlerts\\\":[],\\n    \\\"escapeListAlerts\\\":[],\\n    \\\"riskType\\\":\\\"ESCAPE\\\"\\n},\\n\\\"extremism\\\":{\\n    \\\"nomsId\\\":\\\"G2194GK\\\",\\n    \\\"provisionalCategorisation\\\":\\\"C\\\",\\n    \\\"notifyRegionalCTLead\\\":false,\\n    \\\"increasedRiskOfExtremism\\\":false,\\n    \\\"riskType\\\":\\\"EXTREMISM\\\"\\n},\\n\\\"soc\\\" :{\\n    \\\"nomsId\\\":\\\"G2194GK\\\",\\n    \\\"provisionalCategorisation\\\":\\\"C\\\",\\n    \\\"transferToSecurity\\\":false,\\n    \\\"riskType\\\":\\\"SOC\\\"\\n    },\\n\\n\\\"violence\\\":{\\n    \\\"nomsId\\\":\\\"G2194GK\\\",\\n    \\\"provisionalCategorisation\\\":\\\"C\\\",\\n    \\\"veryHighRiskViolentOffender\\\":false,\\n    \\\"notifySafetyCustodyLead\\\":false,\\n    \\\"displayAssaults\\\":false,\\n    \\\"numberOfAssaults\\\":0,\\n    \\\"numberOfSeriousAssaults\\\":0,\\n    \\\"numberOfNonSeriousAssaults\\\":0,\\n    \\\"riskType\\\":\\\"VIOLENCE\\\"\\n},\\n\\\"execute_date_time\\\": \\\"2021-07-27 02:18:22.10621\\\"\\n}\\n}\\n        \""