{
  "catForm" : [ {
    "form_response" : {
      "recat" : {
        "decision" : {
          "category" : "B"
        },
        "categoryDecisionBasedOnSecurityInformation" : { },
        "securityInput" : {
          "securityInputNeeded" : "Yes",
          "securityInputNeededText" : "text from recat"
        },
        "nextReviewDate" : {
          "date" : "2/8/2019"
        },
        "riskAssessment" : {
          "lowerCategory" : "lower text",
          "otherRelevant" : "Yes",
          "higherCategory" : "higher text",
          "otherRelevantText" : "rel info"
        },
        "prisonerBackground" : {
          "offenceDetails" : "offence details text"
        },
        "higherSecurityReview" : {
          "steps" : "steps text",
          "transfer" : "Yes",
          "behaviour" : "higher security text",
          "conditions" : "security conditions",
          "transferText" : "manage text"
        }
      },
      "security" : {
        "review" : {
          "securityReview" : "security review text"
        }
      },
      "supervisor" : {
        "review" : {
          "proposedCategory" : "B",
          "otherInformationText" : "other rel info",
          "supervisorCategoryAppropriate" : "Yes"
        }
      },
      "openConditionsRequested" : "No"
    },
    "referred_date" : "2019-11-25T11:24:12.768",
    "risk_profile" : {
      "history" : { },
      "offences" : [ ],
      "socProfile" : { },
      "escapeProfile" : {
        "nomsId" : "G4143VX",
        "provisionalCategorisation" : "C"
      },
      "violenceProfile" : {
        "nomsId" : "G4143VX",
        "numberOfAssaults" : 0,
        "numberOfSeriousAssaults" : 0,
        "provisionalCategorisation" : "C",
        "shouldNotifySafetyCustodyLead" : "No",
        "isVeryHighRiskViolentOffender" : "No"
      },
      "extremismProfile" : { }
    },
    "prisonId" : "NMI",
    "offender_no" : "GXXXX",
    "start_date" : "2019-11-25T11:24:12.768",
    "security_reviewed_date" : "2019-11-25T11:24:12.768",
    "approval_date" : "2019-06-25",
    "assessment_date" : "2019-07-16",
    "due_by_date" : "2017-04-01",
    "cancelled_date" : "2019-11-25T11:24:12.768",
    "reviewReason" : "Review due",
    "typeOfCategorisationAssessment" : "Initial",
    "reviewStatus" : "Review approved"
  }, {
    "form_response" : {
      "recat" : {
        "decision" : {
          "category" : "B"
        },
        "categoryDecisionBasedOnSecurityInformation" : { },
        "securityInput" : {
          "securityInputNeeded" : "Yes",
          "securityInputNeededText" : "text from recat"
        },
        "nextReviewDate" : {
          "date" : "2/8/2019"
          },
        "riskAssessment" : {
          "lowerCategory" : "lower text",
          "otherRelevant" : "Yes",
          "higherCategory" : "higher text",
          "otherRelevantText" : "rel info"
        },
        "prisonerBackground" : {
          "offenceDetails" : "offence details text"
        },
        "higherSecurityReview" : {
          "steps" : "steps text",
          "transfer" : "Yes",
          "behaviour" : "higher security text",
          "conditions" : "security conditions",
          "transferText" : "manage text"
        }
      },
      "security" : {
        "review" : {
          "securityReview" : "security review text"
        }
      },
      "supervisor" : {
        "review" : {
          "proposedCategory" : "B",
          "otherInformationText" : "other rel info",
          "supervisorCategoryAppropriate" : "Yes"
        }
      },
      "openConditionsRequested" : "No"
    },
    "referred_date" : "2019-11-25T11:24:12.768",
    "risk_profile" : {
      "history" : { },
      "offences" : [ ],
      "socProfile" : { },
      "escapeProfile" : {
        "nomsId" : "G4143VX",
        "provisionalCategorisation" : "C"
      },
      "violenceProfile" : {
        "nomsId" : "G4143VX",
        "numberOfAssaults" : 0,
        "numberOfSeriousAssaults" : 0,
        "provisionalCategorisation" : "C",
        "shouldNotifySafetyCustodyLead" : "No",
        "isVeryHighRiskViolentOffender" : "No"
      },
      "extremismProfile" : { }
    },
    "prisonId" : "NMI",
    "offender_no" : "GXXXX",
    "start_date" : "2019-11-25T11:24:12.768",
    "security_reviewed_date" : "2019-11-25T11:24:12.768",
    "approval_date" : "2019-06-25",
    "assessment_date" : "2019-07-16",
    "due_by_date" : "2017-04-01",
    "cancelled_date" : "2019-11-25T11:24:12.768",
    "reviewReason" : "Review due",
    "typeOfCategorisationAssessment" : "Initial",
    "reviewStatus" : "Review approved"
  } ],
  "riskChange" : [ {
    "old_profile" : {
      "soc" : { },
      "escape" : {
        "nomsId" : "G0048VL",
        "provisionalCategorisation" : "C"
      },
      "violence" : {
        "nomsId" : "G0048VL",
        "numberOfAssaults" : 0,
        "numberOfSeriousAssaults" : 0,
        "provisionalCategorisation" : "C",
        "shouldNotifySafetyCustodyLead" : "No",
        "isVeryHighRiskViolentOffender" : "No"
      },
      "extremism" : { }
    },
    "new_profile" : {
      "soc" : { },
      "escape" : {
        "nomsId" : "G0048VL",
        "provisionalCategorisation" : "C"
      },
      "violence" : {
        "nomsId" : "G0048VL",
        "numberOfAssaults" : 1,
        "numberOfSeriousAssaults" : 0,
        "provisionalCategorisation" : "C",
        "shouldNotifySafetyCustodyLead" : "No",
        "isVeryHighRiskViolentOffender" : "No"
      },
      "extremism" : { }
    },
    "offender_no" : "GXXXX",
    "prison_id" : "1000",
    "riskChangeStatus" : "New risk change alert",
    "raised_date" : "2019-09-18T09:45:34.166Z"
  } ],
  "security" : [ {
    "offender_no" : "GXXXX",
    "prisonId" : "LPI",
    "status" : "Referred",
    "raised_date" : "2019-09-19T12:33:21.123Z",
    "processed_date" : "2019-09-19T12:36:46.335Z"
  } ],
  "nextReviewChangeHistory" : [ {
    "offender_no" : "GXXXX",
    "next_review_date" : "2021-12-12",
    "reason" : "testing",
    "change_date" : "2021-09-22T09:25:44.395Z"
  } ],
  "liteCategory" : [ {
    "category" : "U",
    "supervisorCategory" : "U",
    "offender_no" : "GXXXX",
    "prison_id" : "LPI",
    "created_date" : "2020-05-18T12:58:42.435Z",
    "approved_date" : "2020-05-18T00:00Z",
    "assessment_committee" : "OCA",
    "assessment_comment" : "Testing the creation of an unsentenced",
    "next_review_date" : "2020-11-18",
    "placement_prison_id" : "ASI",
    "approved_committee" : "OCA",
    "approved_placement_prison_id" : "ASI",
    "approved_placement_comment" : "approved placement comment",
    "approved_comment" : "approval comment",
    "sequence" : "5"
  } ],
  "riskProfiler" : {
    "offender_no" : "GXXXX",
    "escape" : { },
    "extremism" : { },
    "soc" : { },
    "violence" : {
      "nomsId" : "G2194GK",
      "numberOfAssaults" : 0,
      "numberOfSeriousAssaults" : 0,
      "numberOfNonSeriousAssaults" : 0,
      "provisionalCategorisation" : "C",
      "shouldNotifySafetyCustodyLead" : "No",
      "isVeryHighRiskViolentOffender" : "No"
    },
    "dateAndTimeRiskInformationLastUpdated" : "2021-09-22T10:25:44.395Z"
  }
}